Archive member included to satisfy reference by file (symbol)

/Applications/STM32CubeIDE.app/Contents/Eclipse/plugins/com.st.stm32cube.ide.mcu.externaltools.gnu-tools-for-stm32.13.3.rel1.macos64_1.0.0.202411102158/tools/bin/../lib/gcc/arm-none-eabi/13.3.1/../../../../arm-none-eabi/lib/thumb/v7-m/nofp/libc_nano.a(libc_a-exit.o)
                              /Applications/STM32CubeIDE.app/Contents/Eclipse/plugins/com.st.stm32cube.ide.mcu.externaltools.gnu-tools-for-stm32.13.3.rel1.macos64_1.0.0.202411102158/tools/bin/../lib/gcc/arm-none-eabi/13.3.1/../../../../arm-none-eabi/lib/thumb/v7-m/nofp/crt0.o (exit)
/Applications/STM32CubeIDE.app/Contents/Eclipse/plugins/com.st.stm32cube.ide.mcu.externaltools.gnu-tools-for-stm32.13.3.rel1.macos64_1.0.0.202411102158/tools/bin/../lib/gcc/arm-none-eabi/13.3.1/../../../../arm-none-eabi/lib/thumb/v7-m/nofp/libc_nano.a(libc_a-findfp.o)
                              /Applications/STM32CubeIDE.app/Contents/Eclipse/plugins/com.st.stm32cube.ide.mcu.externaltools.gnu-tools-for-stm32.13.3.rel1.macos64_1.0.0.202411102158/tools/bin/../lib/gcc/arm-none-eabi/13.3.1/../../../../arm-none-eabi/lib/thumb/v7-m/nofp/libc_nano.a(libc_a-exit.o) (__stdio_exit_handler)
/Applications/STM32CubeIDE.app/Contents/Eclipse/plugins/com.st.stm32cube.ide.mcu.externaltools.gnu-tools-for-stm32.13.3.rel1.macos64_1.0.0.202411102158/tools/bin/../lib/gcc/arm-none-eabi/13.3.1/../../../../arm-none-eabi/lib/thumb/v7-m/nofp/libc_nano.a(libc_a-fwalk.o)
                              /Applications/STM32CubeIDE.app/Contents/Eclipse/plugins/com.st.stm32cube.ide.mcu.externaltools.gnu-tools-for-stm32.13.3.rel1.macos64_1.0.0.202411102158/tools/bin/../lib/gcc/arm-none-eabi/13.3.1/../../../../arm-none-eabi/lib/thumb/v7-m/nofp/libc_nano.a(libc_a-findfp.o) (_fwalk_sglue)
/Applications/STM32CubeIDE.app/Contents/Eclipse/plugins/com.st.stm32cube.ide.mcu.externaltools.gnu-tools-for-stm32.13.3.rel1.macos64_1.0.0.202411102158/tools/bin/../lib/gcc/arm-none-eabi/13.3.1/../../../../arm-none-eabi/lib/thumb/v7-m/nofp/libc_nano.a(libc_a-printf.o)
                              ./Core/Src/main.o (printf)
/Applications/STM32CubeIDE.app/Contents/Eclipse/plugins/com.st.stm32cube.ide.mcu.externaltools.gnu-tools-for-stm32.13.3.rel1.macos64_1.0.0.202411102158/tools/bin/../lib/gcc/arm-none-eabi/13.3.1/../../../../arm-none-eabi/lib/thumb/v7-m/nofp/libc_nano.a(libc_a-putchar.o)
                              ./Core/Src/main.o (putchar)
/Applications/STM32CubeIDE.app/Contents/Eclipse/plugins/com.st.stm32cube.ide.mcu.externaltools.gnu-tools-for-stm32.13.3.rel1.macos64_1.0.0.202411102158/tools/bin/../lib/gcc/arm-none-eabi/13.3.1/../../../../arm-none-eabi/lib/thumb/v7-m/nofp/libc_nano.a(libc_a-memset.o)
                              /Applications/STM32CubeIDE.app/Contents/Eclipse/plugins/com.st.stm32cube.ide.mcu.externaltools.gnu-tools-for-stm32.13.3.rel1.macos64_1.0.0.202411102158/tools/bin/../lib/gcc/arm-none-eabi/13.3.1/../../../../arm-none-eabi/lib/thumb/v7-m/nofp/crt0.o (memset)
/Applications/STM32CubeIDE.app/Contents/Eclipse/plugins/com.st.stm32cube.ide.mcu.externaltools.gnu-tools-for-stm32.13.3.rel1.macos64_1.0.0.202411102158/tools/bin/../lib/gcc/arm-none-eabi/13.3.1/../../../../arm-none-eabi/lib/thumb/v7-m/nofp/libc_nano.a(libc_a-errno.o)
                              ./Core/Src/syscalls.o (__errno)
/Applications/STM32CubeIDE.app/Contents/Eclipse/plugins/com.st.stm32cube.ide.mcu.externaltools.gnu-tools-for-stm32.13.3.rel1.macos64_1.0.0.202411102158/tools/bin/../lib/gcc/arm-none-eabi/13.3.1/../../../../arm-none-eabi/lib/thumb/v7-m/nofp/libc_nano.a(libc_a-init.o)
                              /Applications/STM32CubeIDE.app/Contents/Eclipse/plugins/com.st.stm32cube.ide.mcu.externaltools.gnu-tools-for-stm32.13.3.rel1.macos64_1.0.0.202411102158/tools/bin/../lib/gcc/arm-none-eabi/13.3.1/../../../../arm-none-eabi/lib/thumb/v7-m/nofp/crt0.o (__libc_init_array)
/Applications/STM32CubeIDE.app/Contents/Eclipse/plugins/com.st.stm32cube.ide.mcu.externaltools.gnu-tools-for-stm32.13.3.rel1.macos64_1.0.0.202411102158/tools/bin/../lib/gcc/arm-none-eabi/13.3.1/../../../../arm-none-eabi/lib/thumb/v7-m/nofp/libc_nano.a(libc_a-lock.o)
                              /Applications/STM32CubeIDE.app/Contents/Eclipse/plugins/com.st.stm32cube.ide.mcu.externaltools.gnu-tools-for-stm32.13.3.rel1.macos64_1.0.0.202411102158/tools/bin/../lib/gcc/arm-none-eabi/13.3.1/../../../../arm-none-eabi/lib/thumb/v7-m/nofp/libc_nano.a(libc_a-findfp.o) (__retarget_lock_init_recursive)
/Applications/STM32CubeIDE.app/Contents/Eclipse/plugins/com.st.stm32cube.ide.mcu.externaltools.gnu-tools-for-stm32.13.3.rel1.macos64_1.0.0.202411102158/tools/bin/../lib/gcc/arm-none-eabi/13.3.1/../../../../arm-none-eabi/lib/thumb/v7-m/nofp/libc_nano.a(libc_a-impure.o)
[...]
Memory Configuration

Name             Origin             Length             Attributes
RAM              0x20000000         0x00005000         xrw
FLASH            0x08000000         0x00010000         xr
*default*        0x00000000         0xffffffff

Linker script and memory map

LOAD /Applications/STM32CubeIDE.app/Contents/Eclipse/plugins/com.st.stm32cube.ide.mcu.externaltools.gnu-tools-for-stm32.13.3.rel1.macos64_1.0.0.202411102158/tools/bin/../lib/gcc/arm-none-eabi/13.3.1/thumb/v7-m/nofp/crti.o
LOAD /Applications/STM32CubeIDE.app/Contents/Eclipse/plugins/com.st.stm32cube.ide.mcu.externaltools.gnu-tools-for-stm32.13.3.rel1.macos64_1.0.0.202411102158/tools/bin/../lib/gcc/arm-none-eabi/13.3.1/thumb/v7-m/nofp/crtbegin.o
LOAD /Applications/STM32CubeIDE.app/Contents/Eclipse/plugins/com.st.stm32cube.ide.mcu.externaltools.gnu-tools-for-stm32.13.3.rel1.macos64_1.0.0.202411102158/tools/bin/../lib/gcc/arm-none-eabi/13.3.1/../../../../arm-none-eabi/lib/thumb/v7-m/nofp/crt0.o
LOAD ./Core/Inc/crypto_aead/asconaead128/bi32_armv7m_small/aead.o
LOAD ./Core/Inc/crypto_aead/asconaead128/bi32_armv7m_small/constants.o
LOAD ./Core/Inc/crypto_aead/asconaead128/bi32_armv7m_small/interleave.o
LOAD ./Core/Inc/crypto_aead/asconaead128/bi32_armv7m_small/permutations.o
LOAD ./Core/Inc/crypto_aead/asconaead128/bi32_armv7m_small/printstate.o
LOAD ./Core/Inc/gost28147_89/gost.o
LOAD ./Core/Inc/gost28147_89/test.o
LOAD ./Core/Src/main.o
LOAD ./Core/Src/stm32f1xx_hal_msp.o
LOAD ./Core/Src/stm32f1xx_it.o
LOAD ./Core/Src/syscalls.o
LOAD ./Core/Src/sysmem.o
LOAD ./Core/Src/system_stm32f1xx.o
LOAD ./Core/Startup/startup_stm32f103c8tx.o
LOAD ./Drivers/STM32F1xx_HAL_Driver/Src/stm32f1xx_hal.o
LOAD ./Drivers/STM32F1xx_HAL_Driver/Src/stm32f1xx_hal_cortex.o
LOAD ./Drivers/STM32F1xx_HAL_Driver/Src/stm32f1xx_hal_dma.o
LOAD ./Drivers/STM32F1xx_HAL_Driver/Src/stm32f1xx_hal_exti.o
LOAD ./Drivers/STM32F1xx_HAL_Driver/Src/stm32f1xx_hal_flash.o
LOAD ./Drivers/STM32F1xx_HAL_Driver/Src/stm32f1xx_hal_flash_ex.o
LOAD ./Drivers/STM32F1xx_HAL_Driver/Src/stm32f1xx_hal_gpio.o
LOAD ./Drivers/STM32F1xx_HAL_Driver/Src/stm32f1xx_hal_gpio_ex.o
LOAD ./Drivers/STM32F1xx_HAL_Driver/Src/stm32f1xx_hal_pwr.o
LOAD ./Drivers/STM32F1xx_HAL_Driver/Src/stm32f1xx_hal_rcc.o
LOAD ./Drivers/STM32F1xx_HAL_Driver/Src/stm32f1xx_hal_rcc_ex.o
LOAD ./Drivers/STM32F1xx_HAL_Driver/Src/stm32f1xx_hal_tim.o
LOAD ./Drivers/STM32F1xx_HAL_Driver/Src/stm32f1xx_hal_tim_ex.o
START GROUP
LOAD /Applications/STM32CubeIDE.app/Contents/Eclipse/plugins/com.st.stm32cube.ide.mcu.externaltools.gnu-tools-for-stm32.13.3.rel1.macos64_1.0.0.202411102158/tools/bin/../lib/gcc/arm-none-eabi/13.3.1/../../../../arm-none-eabi/lib/thumb/v7-m/nofp/libstdc++_nano.a
LOAD /Applications/STM32CubeIDE.app/Contents/Eclipse/plugins/com.st.stm32cube.ide.mcu.externaltools.gnu-tools-for-stm32.13.3.rel1.macos64_1.0.0.202411102158/tools/bin/../lib/gcc/arm-none-eabi/13.3.1/../../../../arm-none-eabi/lib/thumb/v7-m/nofp/libsupc++_nano.a
END GROUP
LOAD /Applications/STM32CubeIDE.app/Contents/Eclipse/plugins/com.st.stm32cube.ide.mcu.externaltools.gnu-tools-for-stm32.13.3.rel1.macos64_1.0.0.202411102158/tools/bin/../lib/gcc/arm-none-eabi/13.3.1/../../../../arm-none-eabi/lib/thumb/v7-m/nofp/libstdc++_nano.a
LOAD /Applications/STM32CubeIDE.app/Contents/Eclipse/plugins/com.st.stm32cube.ide.mcu.externaltools.gnu-tools-for-stm32.13.3.rel1.macos64_1.0.0.202411102158/tools/bin/../lib/gcc/arm-none-eabi/13.3.1/../../../../arm-none-eabi/lib/thumb/v7-m/nofp/libm.a
LOAD /Applications/STM32CubeIDE.app/Contents/Eclipse/plugins/com.st.stm32cube.ide.mcu.externaltools.gnu-tools-for-stm32.13.3.rel1.macos64_1.0.0.202411102158/tools/bin/../lib/gcc/arm-none-eabi/13.3.1/../../../../arm-none-eabi/lib/thumb/v7-m/nofp/libc_nano.a
START GROUP
LOAD /Applications/STM32CubeIDE.app/Contents/Eclipse/plugins/com.st.stm32cube.ide.mcu.externaltools.gnu-tools-for-stm32.13.3.rel1.macos64_1.0.0.202411102158/tools/bin/../lib/gcc/arm-none-eabi/13.3.1/thumb/v7-m/nofp/libgcc.a
LOAD /Applications/STM32CubeIDE.app/Contents/Eclipse/plugins/com.st.stm32cube.ide.mcu.externaltools.gnu-tools-for-stm32.13.3.rel1.macos64_1.0.0.202411102158/tools/bin/../lib/gcc/arm-none-eabi/13.3.1/../../../../arm-none-eabi/lib/thumb/v7-m/nofp/libc_nano.a
END GROUP
START GROUP
LOAD /Applications/STM32CubeIDE.app/Contents/Eclipse/plugins/com.st.stm32cube.ide.mcu.externaltools.gnu-tools-for-stm32.13.3.rel1.macos64_1.0.0.202411102158/tools/bin/../lib/gcc/arm-none-eabi/13.3.1/thumb/v7-m/nofp/libgcc.a
LOAD /Applications/STM32CubeIDE.app/Contents/Eclipse/plugins/com.st.stm32cube.ide.mcu.externaltools.gnu-tools-for-stm32.13.3.rel1.macos64_1.0.0.202411102158/tools/bin/../lib/gcc/arm-none-eabi/13.3.1/../../../../arm-none-eabi/lib/thumb/v7-m/nofp/libc_nano.a
LOAD /Applications/STM32CubeIDE.app/Contents/Eclipse/plugins/com.st.stm32cube.ide.mcu.externaltools.gnu-tools-for-stm32.13.3.rel1.macos64_1.0.0.202411102158/tools/bin/../lib/gcc/arm-none-eabi/13.3.1/../../../../arm-none-eabi/lib/thumb/v7-m/nofp/libnosys.a
END GROUP
START GROUP
LOAD /Applications/STM32CubeIDE.app/Contents/Eclipse/plugins/com.st.stm32cube.ide.mcu.externaltools.gnu-tools-for-stm32.13.3.rel1.macos64_1.0.0.202411102158/tools/bin/../lib/gcc/arm-none-eabi/13.3.1/thumb/v7-m/nofp/libgcc.a
LOAD /Applications/STM32CubeIDE.app/Contents/Eclipse/plugins/com.st.stm32cube.ide.mcu.externaltools.gnu-tools-for-stm32.13.3.rel1.macos64_1.0.0.202411102158/tools/bin/../lib/gcc/arm-none-eabi/13.3.1/../../../../arm-none-eabi/lib/thumb/v7-m/nofp/libc_nano.a
LOAD /Applications/STM32CubeIDE.app/Contents/Eclipse/plugins/com.st.stm32cube.ide.mcu.externaltools.gnu-tools-for-stm32.13.3.rel1.macos64_1.0.0.202411102158/tools/bin/../lib/gcc/arm-none-eabi/13.3.1/../../../../arm-none-eabi/lib/thumb/v7-m/nofp/libnosys.a
END GROUP
LOAD /Applications/STM32CubeIDE.app/Contents/Eclipse/plugins/com.st.stm32cube.ide.mcu.externaltools.gnu-tools-for-stm32.13.3.rel1.macos64_1.0.0.202411102158/tools/bin/../lib/gcc/arm-none-eabi/13.3.1/thumb/v7-m/nofp/crtend.o
LOAD /Applications/STM32CubeIDE.app/Contents/Eclipse/plugins/com.st.stm32cube.ide.mcu.externaltools.gnu-tools-for-stm32.13.3.rel1.macos64_1.0.0.202411102158/tools/bin/../lib/gcc/arm-none-eabi/13.3.1/thumb/v7-m/nofp/crtn.o
                0x20005000                        _estack = (ORIGIN (RAM) + LENGTH (RAM))
                0x00000200                        _Min_Heap_Size = 0x200
                0x00000400                        _Min_Stack_Size = 0x400

.isr_vector     0x08000000      0x10c
                0x08000000                        . = ALIGN (0x4)
 *(.isr_vector)
 .isr_vector    0x08000000      0x10c ./Core/Startup/startup_stm32f103c8tx.o
                0x08000000                g_pfnVectors
                0x0800010c                        . = ALIGN (0x4)

.text           0x0800010c     0x1700
                0x0800010c                        . = ALIGN (0x4)
 *(.text)
 .text          0x0800010c       0x40 /Applications/STM32CubeIDE.app/Contents/Eclipse/plugins/com.st.stm32cube.ide.mcu.externaltools.gnu-tools-for-stm32.13.3.rel1.macos64_1.0.0.202411102158/tools/bin/../lib/gcc/arm-none-eabi/13.3.1/thumb/v7-m/nofp/crtbegin.o
 *(.text*)
 .text.ascon_aead_encrypt
                0x0800014c      0x348 ./Core/Inc/crypto_aead/asconaead128/bi32_armv7m_small/aead.o
                0x0800014c                ascon_aead_encrypt
 .text.crypto_aead_encrypt
                0x08000494       0x2c ./Core/Inc/crypto_aead/asconaead128/bi32_armv7m_small/aead.o
                0x08000494                crypto_aead_encrypt
 .text.TOBI     0x080004c0       0x80 ./Core/Inc/crypto_aead/asconaead128/bi32_armv7m_small/interleave.o
                0x080004c0                TOBI
 .text.FROMBI   0x08000540       0x84 ./Core/Inc/crypto_aead/asconaead128/bi32_armv7m_small/interleave.o
                0x08000540                FROMBI
 .text.P        0x080005c4      0x11c ./Core/Inc/crypto_aead/asconaead128/bi32_armv7m_small/permutations.o
                0x080005c4                P
 .text.ascon_main
                0x080006e0       0xec ./Core/Src/main.o
                0x080006e0                ascon_main
 .text.SystemClock_Config
                0x080007cc       0x50 ./Core/Src/main.o
                0x080007cc                SystemClock_Config
 .text.startup.main
                0x0800081c       0xf8 ./Core/Src/main.o
                0x0800081c                main
 .text.HAL_MspInit
                0x08000914       0x44 ./Core/Src/stm32f1xx_hal_msp.o
                0x08000914                HAL_MspInit
 .text.HAL_TIM_Base_MspInit
                0x08000958       0x2c ./Core/Src/stm32f1xx_hal_msp.o
                0x08000958                HAL_TIM_Base_MspInit
 .text.NMI_Handler
                0x08000984        0x4 ./Core/Src/stm32f1xx_it.o
                0x08000984                NMI_Handler
 .text.HardFault_Handler
                0x08000988        0x4 ./Core/Src/stm32f1xx_it.o
                0x08000988                HardFault_Handler
 .text.MemManage_Handler
                0x0800098c        0x4 ./Core/Src/stm32f1xx_it.o
                0x0800098c                MemManage_Handler
 .text.BusFault_Handler
                0x08000990        0x4 ./Core/Src/stm32f1xx_it.o
                0x08000990                BusFault_Handler
 .text.UsageFault_Handler
                0x08000994        0x4 ./Core/Src/stm32f1xx_it.o
                0x08000994                UsageFault_Handler
 .text.SVC_Handler
                0x08000998        0x4 ./Core/Src/stm32f1xx_it.o
                0x08000998                SVC_Handler
 .text.DebugMon_Handler
                0x0800099c        0x4 ./Core/Src/stm32f1xx_it.o
                0x0800099c                DebugMon_Handler
 .text.PendSV_Handler
                0x080009a0        0x4 ./Core/Src/stm32f1xx_it.o
                0x080009a0                PendSV_Handler
 .text.SysTick_Handler
                0x080009a4        0x4 ./Core/Src/stm32f1xx_it.o
                0x080009a4                SysTick_Handler
 .text.SystemInit
                0x080009a8        0x4 ./Core/Src/system_stm32f1xx.o
                0x080009a8                SystemInit
 .text.Reset_Handler
                0x080009ac       0x48 ./Core/Startup/startup_stm32f103c8tx.o
                0x080009ac                Reset_Handler
 .text.Default_Handler
                0x080009f4        0x2 ./Core/Startup/startup_stm32f103c8tx.o
                0x080009f4                USBWakeUp_IRQHandler
                0x080009f4                EXTI2_IRQHandler
                0x080009f4                TIM1_CC_IRQHandler
                0x080009f4                PVD_IRQHandler
                0x080009f4                EXTI3_IRQHandler
                0x080009f4                EXTI0_IRQHandler
                0x080009f4                I2C2_EV_IRQHandler
                0x080009f4                ADC1_2_IRQHandler
                0x080009f4                SPI1_IRQHandler
                0x080009f4                TAMPER_IRQHandler
                0x080009f4                DMA1_Channel4_IRQHandler
                0x080009f4                USART3_IRQHandler
                0x080009f4                RTC_IRQHandler
                0x080009f4                DMA1_Channel7_IRQHandler
                0x080009f4                CAN1_RX1_IRQHandler
                0x080009f4                TIM4_IRQHandler
                0x080009f4                I2C1_EV_IRQHandler
                0x080009f4                DMA1_Channel6_IRQHandler
                0x080009f4                TIM3_IRQHandler
                0x080009f4                RCC_IRQHandler
                0x080009f4                TIM1_TRG_COM_IRQHandler
                0x080009f4                DMA1_Channel1_IRQHandler
                0x080009f4                Default_Handler
                0x080009f4                EXTI15_10_IRQHandler
                0x080009f4                EXTI9_5_IRQHandler
                0x080009f4                SPI2_IRQHandler
                0x080009f4                DMA1_Channel5_IRQHandler
                0x080009f4                EXTI4_IRQHandler
                0x080009f4                USB_LP_CAN1_RX0_IRQHandler
                0x080009f4                USB_HP_CAN1_TX_IRQHandler
                0x080009f4                DMA1_Channel3_IRQHandler
                0x080009f4                TIM1_UP_IRQHandler
                0x080009f4                WWDG_IRQHandler
                0x080009f4                TIM2_IRQHandler
                0x080009f4                TIM1_BRK_IRQHandler
                0x080009f4                EXTI1_IRQHandler
                0x080009f4                USART2_IRQHandler
                0x080009f4                I2C2_ER_IRQHandler
                0x080009f4                DMA1_Channel2_IRQHandler
                0x080009f4                CAN1_SCE_IRQHandler
                0x080009f4                FLASH_IRQHandler
                0x080009f4                USART1_IRQHandler
                0x080009f4                I2C1_ER_IRQHandler
                0x080009f4                RTC_Alarm_IRQHandler
 *fill*         0x080009f6        0x2 
 .text.HAL_InitTick
                0x080009f8       0x48 ./Drivers/STM32F1xx_HAL_Driver/Src/stm32f1xx_hal.o
                0x080009f8                HAL_InitTick
 .text.HAL_Init
                0x08000a40       0x24 ./Drivers/STM32F1xx_HAL_Driver/Src/stm32f1xx_hal.o
                0x08000a40                HAL_Init
 .text.HAL_IncTick
                0x08000a64       0x18 ./Drivers/STM32F1xx_HAL_Driver/Src/stm32f1xx_hal.o
                0x08000a64                HAL_IncTick
 .text.HAL_GetTick
                0x08000a7c        0xc ./Drivers/STM32F1xx_HAL_Driver/Src/stm32f1xx_hal.o
                0x08000a7c                HAL_GetTick
 .text.HAL_Delay
                0x08000a88       0x24 ./Drivers/STM32F1xx_HAL_Driver/Src/stm32f1xx_hal.o
                0x08000a88                HAL_Delay
 .text.HAL_NVIC_SetPriorityGrouping
                0x08000aac       0x24 ./Drivers/STM32F1xx_HAL_Driver/Src/stm32f1xx_hal_cortex.o
                0x08000aac                HAL_NVIC_SetPriorityGrouping
 .text.HAL_NVIC_SetPriority
                0x08000ad0       0x78 ./Drivers/STM32F1xx_HAL_Driver/Src/stm32f1xx_hal_cortex.o
                0x08000ad0                HAL_NVIC_SetPriority
 .text.HAL_SYSTICK_Config
                0x08000b48       0x30 ./Drivers/STM32F1xx_HAL_Driver/Src/stm32f1xx_hal_cortex.o
                0x08000b48                HAL_SYSTICK_Config
 .text.HAL_GPIO_Init
                0x08000b78      0x40c ./Drivers/STM32F1xx_HAL_Driver/Src/stm32f1xx_hal_gpio.o
                0x08000b78                HAL_GPIO_Init
 .text.HAL_GPIO_WritePin
                0x08000f84        0x8 ./Drivers/STM32F1xx_HAL_Driver/Src/stm32f1xx_hal_gpio.o
                0x08000f84                HAL_GPIO_WritePin
 .text.HAL_RCC_OscConfig
                0x08000f8c      0x3dc ./Drivers/STM32F1xx_HAL_Driver/Src/stm32f1xx_hal_rcc.o
                0x08000f8c                HAL_RCC_OscConfig
 .text.HAL_RCC_ClockConfig
                0x08001368      0x184 ./Drivers/STM32F1xx_HAL_Driver/Src/stm32f1xx_hal_rcc.o
                0x08001368                HAL_RCC_ClockConfig
 .text.HAL_TIM_Base_Init
                0x080014ec       0xdc ./Drivers/STM32F1xx_HAL_Driver/Src/stm32f1xx_hal_tim.o
                0x080014ec                HAL_TIM_Base_Init
 .text.HAL_TIM_ConfigClockSource
                0x080015c8      0x154 ./Drivers/STM32F1xx_HAL_Driver/Src/stm32f1xx_hal_tim.o
                0x080015c8                HAL_TIM_ConfigClockSource
 .text.HAL_TIMEx_MasterConfigSynchronization
                0x0800171c       0x64 ./Drivers/STM32F1xx_HAL_Driver/Src/stm32f1xx_hal_tim_ex.o
                0x0800171c                HAL_TIMEx_MasterConfigSynchronization
 .text.memset   0x08001780       0x10 /Applications/STM32CubeIDE.app/Contents/Eclipse/plugins/com.st.stm32cube.ide.mcu.externaltools.gnu-tools-for-stm32.13.3.rel1.macos64_1.0.0.202411102158/tools/bin/../lib/gcc/arm-none-eabi/13.3.1/../../../../arm-none-eabi/lib/thumb/v7-m/nofp/libc_nano.a(libc_a-memset.o)
                0x08001780                memset
 .text.__libc_init_array
                0x08001790       0x48 /Applications/STM32CubeIDE.app/Contents/Eclipse/plugins/com.st.stm32cube.ide.mcu.externaltools.gnu-tools-for-stm32.13.3.rel1.macos64_1.0.0.202411102158/tools/bin/../lib/gcc/arm-none-eabi/13.3.1/../../../../arm-none-eabi/lib/thumb/v7-m/nofp/libc_nano.a(libc_a-init.o)
                0x08001790                __libc_init_array
 .text.memcpy   0x080017d8       0x1c /Applications/STM32CubeIDE.app/Contents/Eclipse/plugins/com.st.stm32cube.ide.mcu.externaltools.gnu-tools-for-stm32.13.3.rel1.macos64_1.0.0.202411102158/tools/bin/../lib/gcc/arm-none-eabi/13.3.1/../../../../arm-none-eabi/lib/thumb/v7-m/nofp/libc_nano.a(libc_a-memcpy-stub.o)
                0x080017d8                memcpy
 *(.glue_7)
 .glue_7        0x080017f4        0x0 linker stubs
 *(.glue_7t)
 .glue_7t       0x080017f4        0x0 linker stubs
 *(.eh_frame)
 .eh_frame      0x080017f4        0x0 /Applications/STM32CubeIDE.app/Contents/Eclipse/plugins/com.st.stm32cube.ide.mcu.externaltools.gnu-tools-for-stm32.13.3.rel1.macos64_1.0.0.202411102158/tools/bin/../lib/gcc/arm-none-eabi/13.3.1/thumb/v7-m/nofp/crtbegin.o
 *(.init)
 .init          0x080017f4        0x4 /Applications/STM32CubeIDE.app/Contents/Eclipse/plugins/com.st.stm32cube.ide.mcu.externaltools.gnu-tools-for-stm32.13.3.rel1.macos64_1.0.0.202411102158/tools/bin/../lib/gcc/arm-none-eabi/13.3.1/thumb/v7-m/nofp/crti.o
                0x080017f4                _init
 .init          0x080017f8        0x8 /Applications/STM32CubeIDE.app/Contents/Eclipse/plugins/com.st.stm32cube.ide.mcu.externaltools.gnu-tools-for-stm32.13.3.rel1.macos64_1.0.0.202411102158/tools/bin/../lib/gcc/arm-none-eabi/13.3.1/thumb/v7-m/nofp/crtn.o
 *(.fini)
 .fini          0x08001800        0x4 /Applications/STM32CubeIDE.app/Contents/Eclipse/plugins/com.st.stm32cube.ide.mcu.externaltools.gnu-tools-for-stm32.13.3.rel1.macos64_1.0.0.202411102158/tools/bin/../lib/gcc/arm-none-eabi/13.3.1/thumb/v7-m/nofp/crti.o
                0x08001800                _fini
 .fini          0x08001804        0x8 /Applications/STM32CubeIDE.app/Contents/Eclipse/plugins/com.st.stm32cube.ide.mcu.externaltools.gnu-tools-for-stm32.13.3.rel1.macos64_1.0.0.202411102158/tools/bin/../lib/gcc/arm-none-eabi/13.3.1/thumb/v7-m/nofp/crtn.o
                0x0800180c                        . = ALIGN (0x4)
                0x0800180c                        _etext = .

.vfp11_veneer   0x0800180c        0x0
 .vfp11_veneer  0x0800180c        0x0 linker stubs

.v4_bx          0x0800180c        0x0
 .v4_bx         0x0800180c        0x0 linker stubs

.iplt           0x0800180c        0x0
 .iplt          0x0800180c        0x0 /Applications/STM32CubeIDE.app/Contents/Eclipse/plugins/com.st.stm32cube.ide.mcu.externaltools.gnu-tools-for-stm32.13.3.rel1.macos64_1.0.0.202411102158/tools/bin/../lib/gcc/arm-none-eabi/13.3.1/thumb/v7-m/nofp/crtbegin.o

.rodata         0x0800180c       0xdc
                0x0800180c                        . = ALIGN (0x4)
 *(.rodata)
 .rodata        0x0800180c       0xa0 ./Core/Src/main.o
 *(.rodata*)
 .rodata.constants
                0x080018ac       0x18 ./Core/Inc/crypto_aead/asconaead128/bi32_armv7m_small/constants.o
                0x080018ac                constants
 .rodata.AHBPrescTable
                0x080018c4       0x10 ./Core/Src/system_stm32f1xx.o
                0x080018c4                AHBPrescTable
 .rodata.aPredivFactorTable.0
                0x080018d4        0x2 ./Drivers/STM32F1xx_HAL_Driver/Src/stm32f1xx_hal_rcc.o
 *fill*         0x080018d6        0x2 
 .rodata.aPLLMULFactorTable.1
                0x080018d8       0x10 ./Drivers/STM32F1xx_HAL_Driver/Src/stm32f1xx_hal_rcc.o
                0x080018e8                        . = ALIGN (0x4)

.ARM.extab      0x080018e8        0x0
                0x080018e8                        . = ALIGN (0x4)
 *(.ARM.extab* .gnu.linkonce.armextab.*)
                0x080018e8                        . = ALIGN (0x4)

.ARM            0x080018e8        0x0
                0x080018e8                        . = ALIGN (0x4)
                0x080018e8                        __exidx_start = .
 *(.ARM.exidx*)
                0x080018e8                        __exidx_end = .
                0x080018e8                        . = ALIGN (0x4)

.preinit_array  0x080018e8        0x0
                0x080018e8                        . = ALIGN (0x4)
                0x080018e8                        PROVIDE (__preinit_array_start = .)
 *(.preinit_array*)
                0x080018e8                        PROVIDE (__preinit_array_end = .)
                0x080018e8                        . = ALIGN (0x4)

.init_array     0x080018e8        0x4
                0x080018e8                        . = ALIGN (0x4)
                0x080018e8                        PROVIDE (__init_array_start = .)
 *(SORT_BY_NAME(.init_array.*))
 *(.init_array*)
 .init_array    0x080018e8        0x4 /Applications/STM32CubeIDE.app/Contents/Eclipse/plugins/com.st.stm32cube.ide.mcu.externaltools.gnu-tools-for-stm32.13.3.rel1.macos64_1.0.0.202411102158/tools/bin/../lib/gcc/arm-none-eabi/13.3.1/thumb/v7-m/nofp/crtbegin.o
                0x080018ec                        PROVIDE (__init_array_end = .)
                0x080018ec                        . = ALIGN (0x4)

.fini_array     0x080018ec        0x4
                0x080018ec                        . = ALIGN (0x4)
                [!provide]                        PROVIDE (__fini_array_start = .)
 *(SORT_BY_NAME(.fini_array.*))
 *(.fini_array*)
 .fini_array    0x080018ec        0x4 /Applications/STM32CubeIDE.app/Contents/Eclipse/plugins/com.st.stm32cube.ide.mcu.externaltools.gnu-tools-for-stm32.13.3.rel1.macos64_1.0.0.202411102158/tools/bin/../lib/gcc/arm-none-eabi/13.3.1/thumb/v7-m/nofp/crtbegin.o
                [!provide]                        PROVIDE (__fini_array_end = .)
                0x080018f0                        . = ALIGN (0x4)
                0x080018f0                        _sidata = LOADADDR (.data)

.rel.dyn        0x080018f0        0x0
 .rel.iplt      0x080018f0        0x0 /Applications/STM32CubeIDE.app/Contents/Eclipse/plugins/com.st.stm32cube.ide.mcu.externaltools.gnu-tools-for-stm32.13.3.rel1.macos64_1.0.0.202411102158/tools/bin/../lib/gcc/arm-none-eabi/13.3.1/thumb/v7-m/nofp/crtbegin.o

.data           0x20000000        0xc load address 0x080018f0
                0x20000000                        . = ALIGN (0x4)
                0x20000000                        _sdata = .
 *(.data)
 *(.data*)
 .data.SystemCoreClock
                0x20000000        0x4 ./Core/Src/system_stm32f1xx.o
                0x20000000                SystemCoreClock
 .data.uwTickFreq
                0x20000004        0x1 ./Drivers/STM32F1xx_HAL_Driver/Src/stm32f1xx_hal.o
                0x20000004                uwTickFreq
 *fill*         0x20000005        0x3 
 .data.uwTickPrio
                0x20000008        0x4 ./Drivers/STM32F1xx_HAL_Driver/Src/stm32f1xx_hal.o
                0x20000008                uwTickPrio
 *(.RamFunc)
 *(.RamFunc*)
                0x2000000c                        . = ALIGN (0x4)
                0x2000000c                        _edata = .

.igot.plt       0x2000000c        0x0 load address 0x080018fc
 .igot.plt      0x2000000c        0x0 /Applications/STM32CubeIDE.app/Contents/Eclipse/plugins/com.st.stm32cube.ide.mcu.externaltools.gnu-tools-for-stm32.13.3.rel1.macos64_1.0.0.202411102158/tools/bin/../lib/gcc/arm-none-eabi/13.3.1/thumb/v7-m/nofp/crtbegin.o
                0x2000000c                        . = ALIGN (0x4)

.bss            0x20000010       0x6c load address 0x080018fc
                0x20000010                        _sbss = .
                0x20000010                        __bss_start__ = _sbss
 *(.bss)
 .bss           0x20000010       0x1c /Applications/STM32CubeIDE.app/Contents/Eclipse/plugins/com.st.stm32cube.ide.mcu.externaltools.gnu-tools-for-stm32.13.3.rel1.macos64_1.0.0.202411102158/tools/bin/../lib/gcc/arm-none-eabi/13.3.1/thumb/v7-m/nofp/crtbegin.o
 *(.bss*)
 *fill*         0x2000002c        0x4 
 .bss.htim1     0x20000030       0x48 ./Core/Src/main.o
                0x20000030                htim1
 .bss.uwTick    0x20000078        0x4 ./Drivers/STM32F1xx_HAL_Driver/Src/stm32f1xx_hal.o
                0x20000078                uwTick
 *(COMMON)
                0x2000007c                        . = ALIGN (0x4)
                0x2000007c                        _ebss = .
                0x2000007c                        __bss_end__ = _ebss

._user_heap_stack
                0x2000007c      0x604 load address 0x080018fc
                0x20000080                        . = ALIGN (0x8)
 *fill*         0x2000007c        0x4 
                [!provide]                        PROVIDE (end = .)
                0x20000080                        PROVIDE (_end = .)
                0x20000280                        . = (. + _Min_Heap_Size)
 *fill*         0x20000080      0x200 
                0x20000680                        . = (. + _Min_Stack_Size)
 *fill*         0x20000280      0x400 
                0x20000680                        . = ALIGN (0x8)

/DISCARD/
 libc.a(*)
 libm.a(*)
 libgcc.a(*)

.ARM.attributes
                0x00000000       0x29
 *(.ARM.attributes)
 .ARM.attributes
                0x00000000       0x1d /Applications/STM32CubeIDE.app/Contents/Eclipse/plugins/com.st.stm32cube.ide.mcu.externaltools.gnu-tools-for-stm32.13.3.rel1.macos64_1.0.0.202411102158/tools/bin/../lib/gcc/arm-none-eabi/13.3.1/thumb/v7-m/nofp/crti.o
 .ARM.attributes
                0x0000001d       0x2d /Applications/STM32CubeIDE.app/Contents/Eclipse/plugins/com.st.stm32cube.ide.mcu.externaltools.gnu-tools-for-stm32.13.3.rel1.macos64_1.0.0.202411102158/tools/bin/../lib/gcc/arm-none-eabi/13.3.1/thumb/v7-m/nofp/crtbegin.o
 .ARM.attributes
                0x0000004a       0x2d ./Core/Inc/crypto_aead/asconaead128/bi32_armv7m_small/aead.o
 .ARM.attributes
                0x00000077       0x2d ./Core/Inc/crypto_aead/asconaead128/bi32_armv7m_small/constants.o
 .ARM.attributes
                0x000000a4       0x2d ./Core/Inc/crypto_aead/asconaead128/bi32_armv7m_small/interleave.o
 .ARM.attributes
                0x000000d1       0x2d ./Core/Inc/crypto_aead/asconaead128/bi32_armv7m_small/permutations.o
 .ARM.attributes
                0x000000fe       0x2d ./Core/Src/main.o
 .ARM.attributes
                0x0000012b       0x2d ./Core/Src/stm32f1xx_hal_msp.o
 .ARM.attributes
                0x00000158       0x2d ./Core/Src/stm32f1xx_it.o
 .ARM.attributes
                0x00000185       0x2d ./Core/Src/system_stm32f1xx.o
 .ARM.attributes
                0x000001b2       0x21 ./Core/Startup/startup_stm32f103c8tx.o
 .ARM.attributes
                0x000001d3       0x2d ./Drivers/STM32F1xx_HAL_Driver/Src/stm32f1xx_hal.o
 .ARM.attributes
                0x00000200       0x2d ./Drivers/STM32F1xx_HAL_Driver/Src/stm32f1xx_hal_cortex.o
 .ARM.attributes
                0x0000022d       0x2d ./Drivers/STM32F1xx_HAL_Driver/Src/stm32f1xx_hal_gpio.o
 .ARM.attributes
                0x0000025a       0x2d ./Drivers/STM32F1xx_HAL_Driver/Src/stm32f1xx_hal_rcc.o
 .ARM.attributes
                0x00000287       0x2d ./Drivers/STM32F1xx_HAL_Driver/Src/stm32f1xx_hal_tim.o
 .ARM.attributes
                0x000002b4       0x2d ./Drivers/STM32F1xx_HAL_Driver/Src/stm32f1xx_hal_tim_ex.o
 .ARM.attributes
                0x000002e1       0x2d /Applications/STM32CubeIDE.app/Contents/Eclipse/plugins/com.st.stm32cube.ide.mcu.externaltools.gnu-tools-for-stm32.13.3.rel1.macos64_1.0.0.202411102158/tools/bin/../lib/gcc/arm-none-eabi/13.3.1/../../../../arm-none-eabi/lib/thumb/v7-m/nofp/libc_nano.a(libc_a-memset.o)
 .ARM.attributes
                0x0000030e       0x2d /Applications/STM32CubeIDE.app/Contents/Eclipse/plugins/com.st.stm32cube.ide.mcu.externaltools.gnu-tools-for-stm32.13.3.rel1.macos64_1.0.0.202411102158/tools/bin/../lib/gcc/arm-none-eabi/13.3.1/../../../../arm-none-eabi/lib/thumb/v7-m/nofp/libc_nano.a(libc_a-init.o)
 .ARM.attributes
                0x0000033b       0x2d /Applications/STM32CubeIDE.app/Contents/Eclipse/plugins/com.st.stm32cube.ide.mcu.externaltools.gnu-tools-for-stm32.13.3.rel1.macos64_1.0.0.202411102158/tools/bin/../lib/gcc/arm-none-eabi/13.3.1/../../../../arm-none-eabi/lib/thumb/v7-m/nofp/libc_nano.a(libc_a-memcpy-stub.o)
 .ARM.attributes
                0x00000368       0x1d /Applications/STM32CubeIDE.app/Contents/Eclipse/plugins/com.st.stm32cube.ide.mcu.externaltools.gnu-tools-for-stm32.13.3.rel1.macos64_1.0.0.202411102158/tools/bin/../lib/gcc/arm-none-eabi/13.3.1/thumb/v7-m/nofp/crtn.o
OUTPUT(ascon-newuu.elf elf32-littlearm)
LOAD linker stubs
LOAD /Applications/STM32CubeIDE.app/Contents/Eclipse/plugins/com.st.stm32cube.ide.mcu.externaltools.gnu-tools-for-stm32.13.3.rel1.macos64_1.0.0.202411102158/tools/bin/../lib/gcc/arm-none-eabi/13.3.1/../../../../arm-none-eabi/lib/thumb/v7-m/nofp/libc.a
LOAD /Applications/STM32CubeIDE.app/Contents/Eclipse/plugins/com.st.stm32cube.ide.mcu.externaltools.gnu-tools-for-stm32.13.3.rel1.macos64_1.0.0.202411102158/tools/bin/../lib/gcc/arm-none-eabi/13.3.1/../../../../arm-none-eabi/lib/thumb/v7-m/nofp/libm.a
LOAD /Applications/STM32CubeIDE.app/Contents/Eclipse/plugins/com.st.stm32cube.ide.mcu.externaltools.gnu-tools-for-stm32.13.3.rel1.macos64_1.0.0.202411102158/tools/bin/../lib/gcc/arm-none-eabi/13.3.1/thumb/v7-m/nofp/libgcc.a

.debug_info     0x00000000     0xce19
 .debug_info    0x00000000     0x19a1 ./Core/Inc/crypto_aead/asconaead128/bi32_armv7m_small/aead.o
 .debug_info    0x000019a1       0xc9 ./Core/Inc/crypto_aead/asconaead128/bi32_armv7m_small/constants.o
 .debug_info    0x00001a6a      0x3b0 ./Core/Inc/crypto_aead/asconaead128/bi32_armv7m_small/interleave.o
 .debug_info    0x00001e1a      0x25a ./Core/Inc/crypto_aead/asconaead128/bi32_armv7m_small/permutations.o
 .debug_info    0x00002074     0x1324 ./Core/Src/main.o
 .debug_info    0x00003398      0x7a0 ./Core/Src/stm32f1xx_hal_msp.o
 .debug_info    0x00003b38      0x115 ./Core/Src/stm32f1xx_it.o
 .debug_info    0x00003c4d      0x231 ./Core/Src/system_stm32f1xx.o
 .debug_info    0x00003e7e       0x30 ./Core/Startup/startup_stm32f103c8tx.o
 .debug_info    0x00003eae      0x7dc ./Drivers/STM32F1xx_HAL_Driver/Src/stm32f1xx_hal.o
 .debug_info    0x0000468a      0xd02 ./Drivers/STM32F1xx_HAL_Driver/Src/stm32f1xx_hal_cortex.o
 .debug_info    0x0000538c      0x60c ./Drivers/STM32F1xx_HAL_Driver/Src/stm32f1xx_hal_gpio.o
 .debug_info    0x00005998      0xa69 ./Drivers/STM32F1xx_HAL_Driver/Src/stm32f1xx_hal_rcc.o
 .debug_info    0x00006401     0x4e69 ./Drivers/STM32F1xx_HAL_Driver/Src/stm32f1xx_hal_tim.o
 .debug_info    0x0000b26a     0x1baf ./Drivers/STM32F1xx_HAL_Driver/Src/stm32f1xx_hal_tim_ex.o

.debug_abbrev   0x00000000     0x1fbc
 .debug_abbrev  0x00000000      0x2d5 ./Core/Inc/crypto_aead/asconaead128/bi32_armv7m_small/aead.o
 .debug_abbrev  0x000002d5       0x79 ./Core/Inc/crypto_aead/asconaead128/bi32_armv7m_small/constants.o
 .debug_abbrev  0x0000034e      0x164 ./Core/Inc/crypto_aead/asconaead128/bi32_armv7m_small/interleave.o
 .debug_abbrev  0x000004b2      0x134 ./Core/Inc/crypto_aead/asconaead128/bi32_armv7m_small/permutations.o
 .debug_abbrev  0x000005e6      0x3f0 ./Core/Src/main.o
 .debug_abbrev  0x000009d6      0x1a9 ./Core/Src/stm32f1xx_hal_msp.o
 .debug_abbrev  0x00000b7f       0xb6 ./Core/Src/stm32f1xx_it.o
 .debug_abbrev  0x00000c35      0x145 ./Core/Src/system_stm32f1xx.o
 .debug_abbrev  0x00000d7a       0x24 ./Core/Startup/startup_stm32f103c8tx.o
 .debug_abbrev  0x00000d9e      0x272 ./Drivers/STM32F1xx_HAL_Driver/Src/stm32f1xx_hal.o
 .debug_abbrev  0x00001010      0x363 ./Drivers/STM32F1xx_HAL_Driver/Src/stm32f1xx_hal_cortex.o
 .debug_abbrev  0x00001373      0x20a ./Drivers/STM32F1xx_HAL_Driver/Src/stm32f1xx_hal_gpio.o
 .debug_abbrev  0x0000157d      0x344 ./Drivers/STM32F1xx_HAL_Driver/Src/stm32f1xx_hal_rcc.o
 .debug_abbrev  0x000018c1      0x37f ./Drivers/STM32F1xx_HAL_Driver/Src/stm32f1xx_hal_tim.o
 .debug_abbrev  0x00001c40      0x37c ./Drivers/STM32F1xx_HAL_Driver/Src/stm32f1xx_hal_tim_ex.o

.debug_loclists
                0x00000000     0x8cca
 .debug_loclists
                0x00000000     0x140f ./Core/Inc/crypto_aead/asconaead128/bi32_armv7m_small/aead.o
 .debug_loclists
                0x0000140f      0x31f ./Core/Inc/crypto_aead/asconaead128/bi32_armv7m_small/interleave.o
 .debug_loclists
                0x0000172e       0xae ./Core/Inc/crypto_aead/asconaead128/bi32_armv7m_small/permutations.o
 .debug_loclists
                0x000017dc       0xef ./Core/Src/main.o
 .debug_loclists
                0x000018cb       0x17 ./Core/Src/stm32f1xx_hal_msp.o
 .debug_loclists
                0x000018e2       0x9f ./Core/Src/system_stm32f1xx.o
 .debug_loclists
                0x00001981       0xf4 ./Drivers/STM32F1xx_HAL_Driver/Src/stm32f1xx_hal.o
 .debug_loclists
                0x00001a75      0x587 ./Drivers/STM32F1xx_HAL_Driver/Src/stm32f1xx_hal_cortex.o
 .debug_loclists
                0x00001ffc      0x53b ./Drivers/STM32F1xx_HAL_Driver/Src/stm32f1xx_hal_gpio.o
 .debug_loclists
                0x00002537      0x492 ./Drivers/STM32F1xx_HAL_Driver/Src/stm32f1xx_hal_rcc.o
 .debug_loclists
                0x000029c9     0x524d ./Drivers/STM32F1xx_HAL_Driver/Src/stm32f1xx_hal_tim.o
 .debug_loclists
                0x00007c16     0x10b4 ./Drivers/STM32F1xx_HAL_Driver/Src/stm32f1xx_hal_tim_ex.o

.debug_aranges  0x00000000      0x8f0
 .debug_aranges
                0x00000000       0x38 ./Core/Inc/crypto_aead/asconaead128/bi32_armv7m_small/aead.o
 .debug_aranges
                0x00000038       0x18 ./Core/Inc/crypto_aead/asconaead128/bi32_armv7m_small/constants.o
 .debug_aranges
                0x00000050       0x28 ./Core/Inc/crypto_aead/asconaead128/bi32_armv7m_small/interleave.o
 .debug_aranges
                0x00000078       0x20 ./Core/Inc/crypto_aead/asconaead128/bi32_armv7m_small/permutations.o
 .debug_aranges
                0x00000098       0x48 ./Core/Src/main.o
 .debug_aranges
                0x000000e0       0x30 ./Core/Src/stm32f1xx_hal_msp.o
 .debug_aranges
                0x00000110       0x60 ./Core/Src/stm32f1xx_it.o
 .debug_aranges
                0x00000170       0x28 ./Core/Src/system_stm32f1xx.o
 .debug_aranges
                0x00000198       0x28 ./Core/Startup/startup_stm32f103c8tx.o
 .debug_aranges
                0x000001c0       0xe0 ./Drivers/STM32F1xx_HAL_Driver/Src/stm32f1xx_hal.o
 .debug_aranges
                0x000002a0       0x90 ./Drivers/STM32F1xx_HAL_Driver/Src/stm32f1xx_hal_cortex.o
 .debug_aranges
                0x00000330       0x58 ./Drivers/STM32F1xx_HAL_Driver/Src/stm32f1xx_hal_gpio.o
 .debug_aranges
                0x00000388       0x88 ./Drivers/STM32F1xx_HAL_Driver/Src/stm32f1xx_hal_rcc.o
 .debug_aranges
                0x00000410      0x380 ./Drivers/STM32F1xx_HAL_Driver/Src/stm32f1xx_hal_tim.o
 .debug_aranges
                0x00000790      0x160 ./Drivers/STM32F1xx_HAL_Driver/Src/stm32f1xx_hal_tim_ex.o

.debug_rnglists
                0x00000000      0xf5d
 .debug_rnglists
                0x00000000      0x2b4 ./Core/Inc/crypto_aead/asconaead128/bi32_armv7m_small/aead.o
 .debug_rnglists
                0x000002b4       0x93 ./Core/Inc/crypto_aead/asconaead128/bi32_armv7m_small/interleave.o
 .debug_rnglists
                0x00000347       0x3a ./Core/Inc/crypto_aead/asconaead128/bi32_armv7m_small/permutations.o
 .debug_rnglists
                0x00000381       0x6e ./Core/Src/main.o
 .debug_rnglists
                0x000003ef       0x46 ./Core/Src/stm32f1xx_hal_msp.o
 .debug_rnglists
                0x00000435       0x43 ./Core/Src/stm32f1xx_it.o
 .debug_rnglists
                0x00000478       0x19 ./Core/Src/system_stm32f1xx.o
 .debug_rnglists
                0x00000491       0x19 ./Core/Startup/startup_stm32f103c8tx.o
 .debug_rnglists
                0x000004aa       0xa3 ./Drivers/STM32F1xx_HAL_Driver/Src/stm32f1xx_hal.o
 .debug_rnglists
                0x0000054d       0xdf ./Drivers/STM32F1xx_HAL_Driver/Src/stm32f1xx_hal_cortex.o
 .debug_rnglists
                0x0000062c       0x66 ./Drivers/STM32F1xx_HAL_Driver/Src/stm32f1xx_hal_gpio.o
 .debug_rnglists
                0x00000692       0xcc ./Drivers/STM32F1xx_HAL_Driver/Src/stm32f1xx_hal_rcc.o
 .debug_rnglists
                0x0000075e      0x652 ./Drivers/STM32F1xx_HAL_Driver/Src/stm32f1xx_hal_tim.o
 .debug_rnglists
                0x00000db0      0x1ad ./Drivers/STM32F1xx_HAL_Driver/Src/stm32f1xx_hal_tim_ex.o

.debug_macro    0x00000000    0x17abf
 .debug_macro   0x00000000      0x1cb ./Core/Inc/crypto_aead/asconaead128/bi32_armv7m_small/aead.o
 .debug_macro   0x000001cb      0xacc ./Core/Inc/crypto_aead/asconaead128/bi32_armv7m_small/aead.o
 .debug_macro   0x00000c97       0x34 ./Core/Inc/crypto_aead/asconaead128/bi32_armv7m_small/aead.o
 .debug_macro   0x00000ccb       0x22 ./Core/Inc/crypto_aead/asconaead128/bi32_armv7m_small/aead.o
 .debug_macro   0x00000ced       0x8e ./Core/Inc/crypto_aead/asconaead128/bi32_armv7m_small/aead.o
 .debug_macro   0x00000d7b       0x51 ./Core/Inc/crypto_aead/asconaead128/bi32_armv7m_small/aead.o
 .debug_macro   0x00000dcc      0x103 ./Core/Inc/crypto_aead/asconaead128/bi32_armv7m_small/aead.o
 .debug_macro   0x00000ecf       0x6a ./Core/Inc/crypto_aead/asconaead128/bi32_armv7m_small/aead.o
 .debug_macro   0x00000f39      0x1df ./Core/Inc/crypto_aead/asconaead128/bi32_armv7m_small/aead.o
 .debug_macro   0x00001118       0x28 ./Core/Inc/crypto_aead/asconaead128/bi32_armv7m_small/aead.o
 .debug_macro   0x00001140      0x1c0 ./Core/Inc/crypto_aead/asconaead128/bi32_armv7m_small/aead.o
 .debug_macro   0x00001300       0x22 ./Core/Inc/crypto_aead/asconaead128/bi32_armv7m_small/aead.o
 .debug_macro   0x00001322       0x10 ./Core/Inc/crypto_aead/asconaead128/bi32_armv7m_small/aead.o
 .debug_macro   0x00001332       0x61 ./Core/Inc/crypto_aead/asconaead128/bi32_armv7m_small/aead.o
 .debug_macro   0x00001393       0x24 ./Core/Inc/crypto_aead/asconaead128/bi32_armv7m_small/aead.o
 .debug_macro   0x000013b7       0x43 ./Core/Inc/crypto_aead/asconaead128/bi32_armv7m_small/aead.o
 .debug_macro   0x000013fa       0x34 ./Core/Inc/crypto_aead/asconaead128/bi32_armv7m_small/aead.o
 .debug_macro   0x0000142e      0x190 ./Core/Inc/crypto_aead/asconaead128/bi32_armv7m_small/aead.o
 .debug_macro   0x000015be      0x370 ./Core/Inc/crypto_aead/asconaead128/bi32_armv7m_small/aead.o
 .debug_macro   0x0000192e       0x16 ./Core/Inc/crypto_aead/asconaead128/bi32_armv7m_small/aead.o
 .debug_macro   0x00001944       0x4a ./Core/Inc/crypto_aead/asconaead128/bi32_armv7m_small/aead.o
 .debug_macro   0x0000198e       0x34 ./Core/Inc/crypto_aead/asconaead128/bi32_armv7m_small/aead.o
 .debug_macro   0x000019c2       0x10 ./Core/Inc/crypto_aead/asconaead128/bi32_armv7m_small/aead.o
 .debug_macro   0x000019d2       0x58 ./Core/Inc/crypto_aead/asconaead128/bi32_armv7m_small/aead.o
 .debug_macro   0x00001a2a       0x8e ./Core/Inc/crypto_aead/asconaead128/bi32_armv7m_small/aead.o
 .debug_macro   0x00001ab8       0x1c ./Core/Inc/crypto_aead/asconaead128/bi32_armv7m_small/aead.o
 .debug_macro   0x00001ad4      0x185 ./Core/Inc/crypto_aead/asconaead128/bi32_armv7m_small/aead.o
 .debug_macro   0x00001c59       0x10 ./Core/Inc/crypto_aead/asconaead128/bi32_armv7m_small/aead.o
 .debug_macro   0x00001c69       0x3c ./Core/Inc/crypto_aead/asconaead128/bi32_armv7m_small/aead.o
 .debug_macro   0x00001ca5       0x20 ./Core/Inc/crypto_aead/asconaead128/bi32_armv7m_small/aead.o
 .debug_macro   0x00001cc5       0x1c ./Core/Inc/crypto_aead/asconaead128/bi32_armv7m_small/aead.o
 .debug_macro   0x00001ce1       0x1c ./Core/Inc/crypto_aead/asconaead128/bi32_armv7m_small/aead.o
 .debug_macro   0x00001cfd       0x10 ./Core/Inc/crypto_aead/asconaead128/bi32_armv7m_small/aead.o
 .debug_macro   0x00001d0d       0x72 ./Core/Inc/crypto_aead/asconaead128/bi32_armv7m_small/constants.o
 .debug_macro   0x00001d7f      0x1ba ./Core/Inc/crypto_aead/asconaead128/bi32_armv7m_small/constants.o
 .debug_macro   0x00001f39       0x88 ./Core/Inc/crypto_aead/asconaead128/bi32_armv7m_small/interleave.o
 .debug_macro   0x00001fc1      0x1be ./Core/Inc/crypto_aead/asconaead128/bi32_armv7m_small/permutations.o
 .debug_macro   0x0000217f      0x302 ./Core/Src/main.o
 .debug_macro   0x00002481      0x215 ./Core/Src/main.o
 .debug_macro   0x00002696       0x2e ./Core/Src/main.o
 .debug_macro   0x000026c4       0x22 ./Core/Src/main.o
 .debug_macro   0x000026e6       0x1c ./Core/Src/main.o
 .debug_macro   0x00002702       0x22 ./Core/Src/main.o
 .debug_macro   0x00002724       0xbd ./Core/Src/main.o
 .debug_macro   0x000027e1      0xd23 ./Core/Src/main.o
 .debug_macro   0x00003504     0xe09e ./Core/Src/main.o
 .debug_macro   0x000115a2       0x6d ./Core/Src/main.o
 .debug_macro   0x0001160f     0x34a2 ./Core/Src/main.o
 .debug_macro   0x00014ab1       0x5c ./Core/Src/main.o
 .debug_macro   0x00014b0d      0x5bc ./Core/Src/main.o
 .debug_macro   0x000150c9      0x289 ./Core/Src/main.o
 .debug_macro   0x00015352      0x1cb ./Core/Src/main.o
 .debug_macro   0x0001551d      0x114 ./Core/Src/main.o
 .debug_macro   0x00015631      0x1b2 ./Core/Src/main.o
 .debug_macro   0x000157e3       0x27 ./Core/Src/main.o
 .debug_macro   0x0001580a      0x136 ./Core/Src/main.o
 .debug_macro   0x00015940      0x1bc ./Core/Src/main.o
 .debug_macro   0x00015afc       0x34 ./Core/Src/main.o
 .debug_macro   0x00015b30       0x3c ./Core/Src/main.o
 .debug_macro   0x00015b6c       0x57 ./Core/Src/main.o
 .debug_macro   0x00015bc3       0x87 ./Core/Src/main.o
 .debug_macro   0x00015c4a      0x240 ./Core/Src/main.o
 .debug_macro   0x00015e8a      0x140 ./Core/Src/main.o
 .debug_macro   0x00015fca      0x8ed ./Core/Src/main.o
 .debug_macro   0x000168b7       0x83 ./Core/Src/main.o
 .debug_macro   0x0001693a       0x16 ./Core/Src/main.o
 .debug_macro   0x00016950       0x10 ./Core/Src/main.o
 .debug_macro   0x00016960       0x16 ./Core/Src/main.o
 .debug_macro   0x00016976       0x16 ./Core/Src/main.o
 .debug_macro   0x0001698c      0x146 ./Core/Src/main.o
 .debug_macro   0x00016ad2       0x22 ./Core/Src/main.o
 .debug_macro   0x00016af4       0x40 ./Core/Src/main.o
 .debug_macro   0x00016b34       0x6a ./Core/Src/main.o
 .debug_macro   0x00016b9e      0x1a3 ./Core/Src/stm32f1xx_hal_msp.o
 .debug_macro   0x00016d41      0x1ad ./Core/Src/stm32f1xx_it.o
 .debug_macro   0x00016eee      0x199 ./Core/Src/system_stm32f1xx.o
 .debug_macro   0x00017087      0x1bd ./Drivers/STM32F1xx_HAL_Driver/Src/stm32f1xx_hal.o
 .debug_macro   0x00017244      0x199 ./Drivers/STM32F1xx_HAL_Driver/Src/stm32f1xx_hal_cortex.o
 .debug_macro   0x000173dd      0x204 ./Drivers/STM32F1xx_HAL_Driver/Src/stm32f1xx_hal_gpio.o
 .debug_macro   0x000175e1      0x1ab ./Drivers/STM32F1xx_HAL_Driver/Src/stm32f1xx_hal_rcc.o
 .debug_macro   0x0001778c      0x19a ./Drivers/STM32F1xx_HAL_Driver/Src/stm32f1xx_hal_tim.o
 .debug_macro   0x00017926      0x199 ./Drivers/STM32F1xx_HAL_Driver/Src/stm32f1xx_hal_tim_ex.o

.debug_line     0x00000000     0xf8c2
 .debug_line    0x00000000     0x12d4 ./Core/Inc/crypto_aead/asconaead128/bi32_armv7m_small/aead.o
 .debug_line    0x000012d4      0x3c6 ./Core/Inc/crypto_aead/asconaead128/bi32_armv7m_small/constants.o
 .debug_line    0x0000169a      0x553 ./Core/Inc/crypto_aead/asconaead128/bi32_armv7m_small/interleave.o
 .debug_line    0x00001bed      0x627 ./Core/Inc/crypto_aead/asconaead128/bi32_armv7m_small/permutations.o
 .debug_line    0x00002214      0xc71 ./Core/Src/main.o
 .debug_line    0x00002e85      0x6f2 ./Core/Src/stm32f1xx_hal_msp.o
 .debug_line    0x00003577      0x739 ./Core/Src/stm32f1xx_it.o
 .debug_line    0x00003cb0      0x6fd ./Core/Src/system_stm32f1xx.o
 .debug_line    0x000043ad       0x78 ./Core/Startup/startup_stm32f103c8tx.o
 .debug_line    0x00004425      0x9dd ./Drivers/STM32F1xx_HAL_Driver/Src/stm32f1xx_hal.o
 .debug_line    0x00004e02      0xbc3 ./Drivers/STM32F1xx_HAL_Driver/Src/stm32f1xx_hal_cortex.o
 .debug_line    0x000059c5      0xcfa ./Drivers/STM32F1xx_HAL_Driver/Src/stm32f1xx_hal_gpio.o
 .debug_line    0x000066bf     0x12b4 ./Drivers/STM32F1xx_HAL_Driver/Src/stm32f1xx_hal_rcc.o
 .debug_line    0x00007973     0x62a5 ./Drivers/STM32F1xx_HAL_Driver/Src/stm32f1xx_hal_tim.o
 .debug_line    0x0000dc18     0x1caa ./Drivers/STM32F1xx_HAL_Driver/Src/stm32f1xx_hal_tim_ex.o

.debug_str      0x00000000    0x895d2
 .debug_str     0x00000000    0x895d2 ./Core/Inc/crypto_aead/asconaead128/bi32_armv7m_small/aead.o
                               0x8a2b (size before relaxing)
 .debug_str     0x000895d2     0x45f8 ./Core/Inc/crypto_aead/asconaead128/bi32_armv7m_small/constants.o
 .debug_str     0x000895d2     0x3ee0 ./Core/Inc/crypto_aead/asconaead128/bi32_armv7m_small/interleave.o
 .debug_str     0x000895d2     0x8916 ./Core/Inc/crypto_aead/asconaead128/bi32_armv7m_small/permutations.o
 .debug_str     0x000895d2    0x85fb7 ./Core/Src/main.o
 .debug_str     0x000895d2    0x8201c ./Core/Src/stm32f1xx_hal_msp.o
 .debug_str     0x000895d2    0x81b47 ./Core/Src/stm32f1xx_it.o
 .debug_str     0x000895d2    0x81b5d ./Core/Src/system_stm32f1xx.o
 .debug_str     0x000895d2       0x87 ./Core/Startup/startup_stm32f103c8tx.o
 .debug_str     0x000895d2    0x82290 ./Drivers/STM32F1xx_HAL_Driver/Src/stm32f1xx_hal.o
 .debug_str     0x000895d2    0x821dc ./Drivers/STM32F1xx_HAL_Driver/Src/stm32f1xx_hal_cortex.o
 .debug_str     0x000895d2    0x81ee3 ./Drivers/STM32F1xx_HAL_Driver/Src/stm32f1xx_hal_gpio.o
 .debug_str     0x000895d2    0x81f8c ./Drivers/STM32F1xx_HAL_Driver/Src/stm32f1xx_hal_rcc.o
 .debug_str     0x000895d2    0x82f8e ./Drivers/STM32F1xx_HAL_Driver/Src/stm32f1xx_hal_tim.o
 .debug_str     0x000895d2    0x8279a ./Drivers/STM32F1xx_HAL_Driver/Src/stm32f1xx_hal_tim_ex.o

.comment        0x00000000       0x43
 .comment       0x00000000       0x43 ./Core/Inc/crypto_aead/asconaead128/bi32_armv7m_small/aead.o
                                 0x44 (size before relaxing)
 .comment       0x00000043       0x44 ./Core/Inc/crypto_aead/asconaead128/bi32_armv7m_small/constants.o
 .comment       0x00000043       0x44 ./Core/Inc/crypto_aead/asconaead128/bi32_armv7m_small/interleave.o
 .comment       0x00000043       0x44 ./Core/Inc/crypto_aead/asconaead128/bi32_armv7m_small/permutations.o
 .comment       0x00000043       0x44 ./Core/Src/main.o
 .comment       0x00000043       0x44 ./Core/Src/stm32f1xx_hal_msp.o
 .comment       0x00000043       0x44 ./Core/Src/stm32f1xx_it.o
 .comment       0x00000043       0x44 ./Core/Src/system_stm32f1xx.o
 .comment       0x00000043       0x44 ./Drivers/STM32F1xx_HAL_Driver/Src/stm32f1xx_hal.o
 .comment       0x00000043       0x44 ./Drivers/STM32F1xx_HAL_Driver/Src/stm32f1xx_hal_cortex.o
 .comment       0x00000043       0x44 ./Drivers/STM32F1xx_HAL_Driver/Src/stm32f1xx_hal_gpio.o
 .comment       0x00000043       0x44 ./Drivers/STM32F1xx_HAL_Driver/Src/stm32f1xx_hal_rcc.o
 .comment       0x00000043       0x44 ./Drivers/STM32F1xx_HAL_Driver/Src/stm32f1xx_hal_tim.o
 .comment       0x00000043       0x44 ./Drivers/STM32F1xx_HAL_Driver/Src/stm32f1xx_hal_tim_ex.o

.debug_frame    0x00000000     0x18d8
 .debug_frame   0x00000000       0xc0 ./Core/Inc/crypto_aead/asconaead128/bi32_armv7m_small/aead.o
 .debug_frame   0x000000c0       0x30 ./Core/Inc/crypto_aead/asconaead128/bi32_armv7m_small/interleave.o
 .debug_frame   0x000000f0       0x3c ./Core/Inc/crypto_aead/asconaead128/bi32_armv7m_small/permutations.o
 .debug_frame   0x0000012c       0xd8 ./Core/Src/main.o
 .debug_frame   0x00000204       0x50 ./Core/Src/stm32f1xx_hal_msp.o
 .debug_frame   0x00000254       0xa0 ./Core/Src/stm32f1xx_it.o
 .debug_frame   0x000002f4       0x30 ./Core/Src/system_stm32f1xx.o
 .debug_frame   0x00000324      0x1d4 ./Drivers/STM32F1xx_HAL_Driver/Src/stm32f1xx_hal.o
 .debug_frame   0x000004f8      0x128 ./Drivers/STM32F1xx_HAL_Driver/Src/stm32f1xx_hal_cortex.o
 .debug_frame   0x00000620       0xec ./Drivers/STM32F1xx_HAL_Driver/Src/stm32f1xx_hal_gpio.o
 .debug_frame   0x0000070c      0x17c ./Drivers/STM32F1xx_HAL_Driver/Src/stm32f1xx_hal_rcc.o
 .debug_frame   0x00000888      0xb68 ./Drivers/STM32F1xx_HAL_Driver/Src/stm32f1xx_hal_tim.o
 .debug_frame   0x000013f0      0x474 ./Drivers/STM32F1xx_HAL_Driver/Src/stm32f1xx_hal_tim_ex.o
 .debug_frame   0x00001864       0x20 /Applications/STM32CubeIDE.app/Contents/Eclipse/plugins/com.st.stm32cube.ide.mcu.externaltools.gnu-tools-for-stm32.13.3.rel1.macos64_1.0.0.202411102158/tools/bin/../lib/gcc/arm-none-eabi/13.3.1/../../../../arm-none-eabi/lib/thumb/v7-m/nofp/libc_nano.a(libc_a-memset.o)
 .debug_frame   0x00001884       0x2c /Applications/STM32CubeIDE.app/Contents/Eclipse/plugins/com.st.stm32cube.ide.mcu.externaltools.gnu-tools-for-stm32.13.3.rel1.macos64_1.0.0.202411102158/tools/bin/../lib/gcc/arm-none-eabi/13.3.1/../../../../arm-none-eabi/lib/thumb/v7-m/nofp/libc_nano.a(libc_a-init.o)
 .debug_frame   0x000018b0       0x28 /Applications/STM32CubeIDE.app/Contents/Eclipse/plugins/com.st.stm32cube.ide.mcu.externaltools.gnu-tools-for-stm32.13.3.rel1.macos64_1.0.0.202411102158/tools/bin/../lib/gcc/arm-none-eabi/13.3.1/../../../../arm-none-eabi/lib/thumb/v7-m/nofp/libc_nano.a(libc_a-memcpy-stub.o)

.debug_line_str
                0x00000000       0x6b
 .debug_line_str
                0x00000000       0x6b ./Core/Startup/startup_stm32f103c8tx.o
