../Core/Src/gost.c:58:6:GOST_Crypt_Step	16	static
../Core/Src/gost.c:102:6:GOST_Crypt_32_E_Cicle	56	static
../Core/Src/gost.c:140:6:GOST_Crypt_32_D_Cicle	56	static
../Core/Src/gost.c:180:6:GOST_Imitta_16_E_Cicle	56	static
../Core/Src/gost.c:212:6:GOST_Imitta	64	static
../Core/Src/gost.c:246:6:GOST_Encrypt_SR	40	static
../Core/Src/gost.c:292:6:GOST_Crypt_G_PS	4	static
../Core/Src/gost.c:314:6:GOST_Crypt_G_Data	48	static
../Core/Src/gost.c:352:6:GOST_Crypt_GF_Prepare_S	0	static
../Core/Src/gost.c:376:6:GOST_Crypt_GF_Data	32	static
../Core/Src/gost.c:428:6:GOST_Crypt_Step_Opt_A	16	static
../Core/Src/gost.c:480:6:GOST_Crypt_32_E_Cicle_Opt_A	28	static
../Core/Src/gost.c:535:6:GOST_Crypt_32_D_Cicle_Opt_A	28	static
../Core/Src/gost.c:590:6:GOST_Imitta_16_E_Cicle_Opt_A	28	static
../Core/Src/gost.c:629:6:GOST_Imitta_Opt_A	56	static
../Core/Src/gost.c:690:10:GOST_Crypt_Step_Opt	4	static
../Core/Src/gost.c:715:6:GOST_Crypt_32_E_Cicle_Opt	16	static
../Core/Src/gost.c:861:6:GOST_Crypt_32_D_Cicle_Opt	16	static
../Core/Src/gost.c:1009:5:GOST_Encrypt_SR_Opt	96	static
../Core/Src/gost.c:1079:6:GOST_Crypt_G_Data_Opt	48	static
../Core/Src/gost.c:1143:6:GOST_Crypt_GF_Prepare_S_Opt	0	static
../Core/Src/gost.c:1167:6:GOST_Crypt_GF_Data_Opt	48	static
